------------------------------------------------------------
TimeQuest Timing Analyzer Summary
------------------------------------------------------------

Type  : Slow Model Setup 'keyboard:inst11|keyboard_clk_filtered'
Slack : -1.552
TNS   : -28.881

Type  : Slow Model Setup 'CLOCK_50'
Slack : -1.002
TNS   : -8.079

Type  : Slow Model Setup 'UART:inst|RX:C2|BUSY'
Slack : -0.971
TNS   : -7.711

Type  : Slow Model Setup 'inst2|video_PLL_inst|altpll_component|pll|clk[0]'
Slack : 13.226
TNS   : 0.000

Type  : Slow Model Hold 'CLOCK_50'
Slack : -2.558
TNS   : -5.107

Type  : Slow Model Hold 'UART:inst|RX:C2|BUSY'
Slack : 0.391
TNS   : 0.000

Type  : Slow Model Hold 'inst2|video_PLL_inst|altpll_component|pll|clk[0]'
Slack : 0.391
TNS   : 0.000

Type  : Slow Model Hold 'keyboard:inst11|keyboard_clk_filtered'
Slack : 0.391
TNS   : 0.000

Type  : Slow Model Minimum Pulse Width 'keyboard:inst11|keyboard_clk_filtered'
Slack : -0.500
TNS   : -22.000

Type  : Slow Model Minimum Pulse Width 'UART:inst|RX:C2|BUSY'
Slack : -0.500
TNS   : -9.000

Type  : Slow Model Minimum Pulse Width 'CLOCK_50'
Slack : 9.000
TNS   : 0.000

Type  : Slow Model Minimum Pulse Width 'inst2|video_PLL_inst|altpll_component|pll|clk[0]'
Slack : 19.000
TNS   : 0.000

Type  : Fast Model Setup 'UART:inst|RX:C2|BUSY'
Slack : -0.262
TNS   : -2.069

Type  : Fast Model Setup 'keyboard:inst11|keyboard_clk_filtered'
Slack : -0.212
TNS   : -3.154

Type  : Fast Model Setup 'CLOCK_50'
Slack : -0.048
TNS   : -0.432

Type  : Fast Model Setup 'inst2|video_PLL_inst|altpll_component|pll|clk[0]'
Slack : 16.336
TNS   : 0.000

Type  : Fast Model Hold 'CLOCK_50'
Slack : -1.599
TNS   : -3.191

Type  : Fast Model Hold 'UART:inst|RX:C2|BUSY'
Slack : 0.215
TNS   : 0.000

Type  : Fast Model Hold 'inst2|video_PLL_inst|altpll_component|pll|clk[0]'
Slack : 0.215
TNS   : 0.000

Type  : Fast Model Hold 'keyboard:inst11|keyboard_clk_filtered'
Slack : 0.215
TNS   : 0.000

Type  : Fast Model Minimum Pulse Width 'keyboard:inst11|keyboard_clk_filtered'
Slack : -0.500
TNS   : -22.000

Type  : Fast Model Minimum Pulse Width 'UART:inst|RX:C2|BUSY'
Slack : -0.500
TNS   : -9.000

Type  : Fast Model Minimum Pulse Width 'CLOCK_50'
Slack : 9.000
TNS   : 0.000

Type  : Fast Model Minimum Pulse Width 'inst2|video_PLL_inst|altpll_component|pll|clk[0]'
Slack : 19.000
TNS   : 0.000

------------------------------------------------------------
